
Running 1 test using 1 worker

[1/1] [chromium] › tests/e2e/workshop-discovery.spec.ts:4:7 › Workshop Discovery › should allow user to view and filter workshops
[chromium] › tests/e2e/workshop-discovery.spec.ts:4:7 › Workshop Discovery › should allow user to view and filter workshops
<!DOCTYPE html><html lang="en"><head>
  <script type="importmap">
{
  "imports": {
    "react/": "https://esm.sh/react@^19.2.3/",
    "react": "https://esm.sh/react@^19.2.3",
    "react-dom/": "https://esm.sh/react-dom@^19.2.3/",
    "lucide-react": "https://esm.sh/lucide-react@^0.562.0",
    "@google/genai": "https://esm.sh/@google/genai@^1.37.0"
  }
}
</script>
    <script type="module">import { injectIntoGlobalHook } from "/@react-refresh";
injectIntoGlobalHook(window);
window.$RefreshReg$ = () => {};
window.$RefreshSig$ = () => (type) => type;</script>

    <script type="module" src="/@vite/client"></script>

    <meta charset="utf-8">
    <meta name="viewport" content="width=device-width, initial-scale=1">
    <title>Auto-Care AI</title>
    <script src="https://cdn.tailwindcss.com"></script>
    <link href="https://fonts.googleapis.com/css2?family=Exo+2:wght@300;400;600;700&amp;family=Inter:wght@300;400;500;600&amp;display=swap" rel="stylesheet">
    <link rel="stylesheet" href="https://unpkg.com/leaflet@1.9.4/dist/leaflet.css">
    <script>
      tailwind.config = {
        darkMode: 'class',
        theme: {
          extend: {
            fontFamily: {
              sans: ['Inter', 'sans-serif'],
              display: ['Exo 2', 'sans-serif'],
            },
            colors: {
              cyber: {
                900: '#020617', // Deep space blue
                800: '#0f172a',
                700: '#1e293b',
                600: '#334155',
                primary: '#3b82f6', // Electric Blue
                accent: '#06b6d4', // Cyan neon
                success: '#10b981',
                danger: '#ef4444',
              }
            },
            animation: {
              'pulse-fast': 'pulse 1.5s cubic-bezier(0.4, 0, 0.6, 1) infinite',
              'float': 'float 3s ease-in-out infinite',
            },
            keyframes: {
              float: {
                '0%, 100%': { transform: 'translateY(0)' },
                '50%': { transform: 'translateY(-10px)' },
              }
            }
          }
        }
      }
    </script>
    <style>
      body {
        background-color: #f8fafc; /* slate-50 */
      }
      html.dark body {
        background-color: #020617; /* cyber-900 */
      }
      /* Custom Scrollbar */
      ::-webkit-scrollbar {
        width: 4px;
      }
      ::-webkit-scrollbar-track {
        background: transparent;
      }
      ::-webkit-scrollbar-thumb {
        background: #3b82f6;
        border-radius: 4px;
      }
      
      /* Dynamic Glass Panel */
      .glass-panel {
        /* Light Mode Default */
        background: rgba(255, 255, 255, 0.85);
        -webkit-backdrop-filter: blur(12px);
        backdrop-filter: blur(12px);
        border: 1px solid rgba(59, 130, 246, 0.1);
        box-shadow: 0 4px 6px -1px rgba(0, 0, 0, 0.05);
      }
      
      /* Dark Mode Override */
      .dark .glass-panel {
        background: rgba(15, 23, 42, 0.6);
        border: 1px solid rgba(59, 130, 246, 0.2);
        box-shadow: none;
      }

      .neon-border {
        box-shadow: 0 0 10px rgba(59, 130, 246, 0.3), inset 0 0 5px rgba(59, 130, 246, 0.1);
      }
      
      .dark .neon-text {
        text-shadow: 0 0 10px rgba(6, 182, 212, 0.5);
      }
      .neon-text {
        text-shadow: none; /* No neon text in light mode for readability */
      }
    </style>

<link rel="stylesheet" href="/index.css">
<style>*, ::before, ::after{--tw-border-spacing-x:0;--tw-border-spacing-y:0;--tw-translate-x:0;--tw-translate-y:0;--tw-rotate:0;--tw-skew-x:0;--tw-skew-y:0;--tw-scale-x:1;--tw-scale-y:1;--tw-pan-x: ;--tw-pan-y: ;--tw-pinch-zoom: ;--tw-scroll-snap-strictness:proximity;--tw-gradient-from-position: ;--tw-gradient-via-position: ;--tw-gradient-to-position: ;--tw-ordinal: ;--tw-slashed-zero: ;--tw-numeric-figure: ;--tw-numeric-spacing: ;--tw-numeric-fraction: ;--tw-ring-inset: ;--tw-ring-offset-width:0px;--tw-ring-offset-color:#fff;--tw-ring-color:rgb(59 130 246 / 0.5);--tw-ring-offset-shadow:0 0 #0000;--tw-ring-shadow:0 0 #0000;--tw-shadow:0 0 #0000;--tw-shadow-colored:0 0 #0000;--tw-blur: ;--tw-brightness: ;--tw-contrast: ;--tw-grayscale: ;--tw-hue-rotate: ;--tw-invert: ;--tw-saturate: ;--tw-sepia: ;--tw-drop-shadow: ;--tw-backdrop-blur: ;--tw-backdrop-brightness: ;--tw-backdrop-contrast: ;--tw-backdrop-grayscale: ;--tw-backdrop-hue-rotate: ;--tw-backdrop-invert: ;--tw-backdrop-opacity: ;--tw-backdrop-saturate: ;--tw-backdrop-sepia: ;--tw-contain-size: ;--tw-contain-layout: ;--tw-contain-paint: ;--tw-contain-style: }::backdrop{--tw-border-spacing-x:0;--tw-border-spacing-y:0;--tw-translate-x:0;--tw-translate-y:0;--tw-rotate:0;--tw-skew-x:0;--tw-skew-y:0;--tw-scale-x:1;--tw-scale-y:1;--tw-pan-x: ;--tw-pan-y: ;--tw-pinch-zoom: ;--tw-scroll-snap-strictness:proximity;--tw-gradient-from-position: ;--tw-gradient-via-position: ;--tw-gradient-to-position: ;--tw-ordinal: ;--tw-slashed-zero: ;--tw-numeric-figure: ;--tw-numeric-spacing: ;--tw-numeric-fraction: ;--tw-ring-inset: ;--tw-ring-offset-width:0px;--tw-ring-offset-color:#fff;--tw-ring-color:rgb(59 130 246 / 0.5);--tw-ring-offset-shadow:0 0 #0000;--tw-ring-shadow:0 0 #0000;--tw-shadow:0 0 #0000;--tw-shadow-colored:0 0 #0000;--tw-blur: ;--tw-brightness: ;--tw-contrast: ;--tw-grayscale: ;--tw-hue-rotate: ;--tw-invert: ;--tw-saturate: ;--tw-sepia: ;--tw-drop-shadow: ;--tw-backdrop-blur: ;--tw-backdrop-brightness: ;--tw-backdrop-contrast: ;--tw-backdrop-grayscale: ;--tw-backdrop-hue-rotate: ;--tw-backdrop-invert: ;--tw-backdrop-opacity: ;--tw-backdrop-saturate: ;--tw-backdrop-sepia: ;--tw-contain-size: ;--tw-contain-layout: ;--tw-contain-paint: ;--tw-contain-style: }/* ! tailwindcss v3.4.17 | MIT License | https://tailwindcss.com */*,::after,::before{box-sizing:border-box;border-width:0;border-style:solid;border-color:#e5e7eb}::after,::before{--tw-content:''}:host,html{line-height:1.5;-webkit-text-size-adjust:100%;-moz-tab-size:4;tab-size:4;font-family:Inter, sans-serif;font-feature-settings:normal;font-variation-settings:normal;-webkit-tap-highlight-color:transparent}body{margin:0;line-height:inherit}hr{height:0;color:inherit;border-top-width:1px}abbr:where([title]){-webkit-text-decoration:underline dotted;text-decoration:underline dotted}h1,h2,h3,h4,h5,h6{font-size:inherit;font-weight:inherit}a{color:inherit;text-decoration:inherit}b,strong{font-weight:bolder}code,kbd,pre,samp{font-family:ui-monospace, SFMono-Regular, Menlo, Monaco, Consolas, "Liberation Mono", "Courier New", monospace;font-feature-settings:normal;font-variation-settings:normal;font-size:1em}small{font-size:80%}sub,sup{font-size:75%;line-height:0;position:relative;vertical-align:baseline}sub{bottom:-.25em}sup{top:-.5em}table{text-indent:0;border-color:inherit;border-collapse:collapse}button,input,optgroup,select,textarea{font-family:inherit;font-feature-settings:inherit;font-variation-settings:inherit;font-size:100%;font-weight:inherit;line-height:inherit;letter-spacing:inherit;color:inherit;margin:0;padding:0}button,select{text-transform:none}button,input:where([type=button]),input:where([type=reset]),input:where([type=submit]){-webkit-appearance:button;background-color:transparent;background-image:none}:-moz-focusring{outline:auto}:-moz-ui-invalid{box-shadow:none}progress{vertical-align:baseline}::-webkit-inner-spin-button,::-webkit-outer-spin-button{height:auto}[type=search]{-webkit-appearance:textfield;outline-offset:-2px}::-webkit-search-decoration{-webkit-appearance:none}::-webkit-file-upload-button{-webkit-appearance:button;font:inherit}summary{display:list-item}blockquote,dd,dl,figure,h1,h2,h3,h4,h5,h6,hr,p,pre{margin:0}fieldset{margin:0;padding:0}legend{padding:0}menu,ol,ul{list-style:none;margin:0;padding:0}dialog{padding:0}textarea{resize:vertical}input::placeholder,textarea::placeholder{opacity:1;color:#9ca3af}[role=button],button{cursor:pointer}:disabled{cursor:default}audio,canvas,embed,iframe,img,object,svg,video{display:block;vertical-align:middle}img,video{max-width:100%;height:auto}[hidden]:where(:not([hidden=until-found])){display:none}.absolute{position:absolute}.relative{position:relative}.inset-0{inset:0px}.left-6{left:1.5rem}.right-6{right:1.5rem}.top-6{top:1.5rem}.-right-1{right:-0.25rem}.-top-1{top:-0.25rem}.bottom-6{bottom:1.5rem}.z-50{z-index:50}.mx-auto{margin-left:auto;margin-right:auto}.mb-2{margin-bottom:0.5rem}.mb-8{margin-bottom:2rem}.mt-6{margin-top:1.5rem}.mt-3{margin-top:0.75rem}.ml-2{margin-left:0.5rem}.mt-1{margin-top:0.25rem}.mb-1{margin-bottom:0.25rem}.mb-4{margin-bottom:1rem}.flex{display:flex}.grid{display:grid}.h-8{height:2rem}.h-screen{height:100vh}.h-1\.5{height:0.375rem}.h-10{height:2.5rem}.h-12{height:3rem}.h-16{height:4rem}.h-3{height:0.75rem}.h-32{height:8rem}.h-40{height:10rem}.h-6{height:1.5rem}.h-full{height:100%}.h-24{height:6rem}.min-h-screen{min-height:100vh}.w-8{width:2rem}.w-full{width:100%}.w-1{width:0.25rem}.w-1\.5{width:0.375rem}.w-10{width:2.5rem}.w-12{width:3rem}.w-16{width:4rem}.w-3{width:0.75rem}.w-fit{width:-moz-fit-content;width:fit-content}.min-w-\[200px\]{min-width:200px}.max-w-md{max-width:28rem}.max-w-\[150px\]{max-width:150px}.max-w-\[200px\]{max-width:200px}.flex-1{flex:1 1 0%}@keyframes spin{to{transform:rotate(360deg)}}.animate-spin{animation:spin 1s linear infinite}@keyframes pulse{50%{opacity:.5}}.animate-pulse{animation:pulse 2s cubic-bezier(0.4, 0, 0.6, 1) infinite}.cursor-pointer{cursor:pointer}.appearance-none{-webkit-appearance:none;appearance:none}.grid-cols-2{grid-template-columns:repeat(2, minmax(0, 1fr))}.grid-cols-3{grid-template-columns:repeat(3, minmax(0, 1fr))}.flex-col{flex-direction:column}.items-end{align-items:flex-end}.items-center{align-items:center}.justify-end{justify-content:flex-end}.justify-center{justify-content:center}.justify-between{justify-content:space-between}.gap-2{gap:0.5rem}.gap-1{gap:0.25rem}.gap-3{gap:0.75rem}.gap-4{gap:1rem}.space-y-4 > :not([hidden]) ~ :not([hidden]){--tw-space-y-reverse:0;margin-top:calc(1rem * calc(1 - var(--tw-space-y-reverse)));margin-bottom:calc(1rem * var(--tw-space-y-reverse))}.space-y-8 > :not([hidden]) ~ :not([hidden]){--tw-space-y-reverse:0;margin-top:calc(2rem * calc(1 - var(--tw-space-y-reverse)));margin-bottom:calc(2rem * var(--tw-space-y-reverse))}.overflow-hidden{overflow:hidden}.overflow-x-auto{overflow-x:auto}.overflow-y-auto{overflow-y:auto}.truncate{overflow:hidden;text-overflow:ellipsis;white-space:nowrap}.rounded-full{border-radius:9999px}.rounded-xl{border-radius:0.75rem}.rounded{border-radius:0.25rem}.rounded-2xl{border-radius:1rem}.border-2{border-width:2px}.border{border-width:1px}.border-blue-500{--tw-border-opacity:1;border-color:rgb(59 130 246 / var(--tw-border-opacity, 1))}.border-white\/20{border-color:rgb(255 255 255 / 0.2)}.border-cyber-primary{--tw-border-opacity:1;border-color:rgb(59 130 246 / var(--tw-border-opacity, 1))}.border-cyber-primary\/30{border-color:rgb(59 130 246 / 0.3)}.border-slate-100{--tw-border-opacity:1;border-color:rgb(241 245 249 / var(--tw-border-opacity, 1))}.border-white\/10{border-color:rgb(255 255 255 / 0.1)}.border-t-transparent{border-top-color:transparent}.bg-black{--tw-bg-opacity:1;background-color:rgb(0 0 0 / var(--tw-bg-opacity, 1))}.bg-slate-50{--tw-bg-opacity:1;background-color:rgb(248 250 252 / var(--tw-bg-opacity, 1))}.bg-transparent{background-color:transparent}.bg-white\/10{background-color:rgb(255 255 255 / 0.1)}.bg-cyber-accent{--tw-bg-opacity:1;background-color:rgb(6 182 212 / var(--tw-bg-opacity, 1))}.bg-cyber-primary{--tw-bg-opacity:1;background-color:rgb(59 130 246 / var(--tw-bg-opacity, 1))}.bg-cyber-primary\/20{background-color:rgb(59 130 246 / 0.2)}.bg-cyber-success{--tw-bg-opacity:1;background-color:rgb(16 185 129 / var(--tw-bg-opacity, 1))}.bg-gray-700{--tw-bg-opacity:1;background-color:rgb(55 65 81 / var(--tw-bg-opacity, 1))}.bg-green-500{--tw-bg-opacity:1;background-color:rgb(34 197 94 / var(--tw-bg-opacity, 1))}.bg-red-500{--tw-bg-opacity:1;background-color:rgb(239 68 68 / var(--tw-bg-opacity, 1))}.bg-white{--tw-bg-opacity:1;background-color:rgb(255 255 255 / var(--tw-bg-opacity, 1))}.bg-gradient-to-r{background-image:linear-gradient(to right, var(--tw-gradient-stops))}.bg-\[url\(\'https\:\/\/www\.transparenttextures\.com\/patterns\/cubes\.png\'\)\]{background-image:url('https://www.transparenttextures.com/patterns/cubes.png')}.bg-gradient-to-b{background-image:linear-gradient(to bottom, var(--tw-gradient-stops))}.from-cyber-primary{--tw-gradient-from:#3b82f6 var(--tw-gradient-from-position);--tw-gradient-to:rgb(59 130 246 / 0) var(--tw-gradient-to-position);--tw-gradient-stops:var(--tw-gradient-from), var(--tw-gradient-to)}.from-blue-600{--tw-gradient-from:#2563eb var(--tw-gradient-from-position);--tw-gradient-to:rgb(37 99 235 / 0) var(--tw-gradient-to-position);--tw-gradient-stops:var(--tw-gradient-from), var(--tw-gradient-to)}.from-black\/80{--tw-gradient-from:rgb(0 0 0 / 0.8) var(--tw-gradient-from-position);--tw-gradient-to:rgb(0 0 0 / 0) var(--tw-gradient-to-position);--tw-gradient-stops:var(--tw-gradient-from), var(--tw-gradient-to)}.from-blue-900{--tw-gradient-from:#1e3a8a var(--tw-gradient-from-position);--tw-gradient-to:rgb(30 58 138 / 0) var(--tw-gradient-to-position);--tw-gradient-stops:var(--tw-gradient-from), var(--tw-gradient-to)}.from-slate-100{--tw-gradient-from:#f1f5f9 var(--tw-gradient-from-position);--tw-gradient-to:rgb(241 245 249 / 0) var(--tw-gradient-to-position);--tw-gradient-stops:var(--tw-gradient-from), var(--tw-gradient-to)}.from-slate-200{--tw-gradient-from:#e2e8f0 var(--tw-gradient-from-position);--tw-gradient-to:rgb(226 232 240 / 0) var(--tw-gradient-to-position);--tw-gradient-stops:var(--tw-gradient-from), var(--tw-gradient-to)}.to-blue-700{--tw-gradient-to:#1d4ed8 var(--tw-gradient-to-position)}.to-cyber-900{--tw-gradient-to:#020617 var(--tw-gradient-to-position)}.to-slate-100{--tw-gradient-to:#f1f5f9 var(--tw-gradient-to-position)}.to-transparent{--tw-gradient-to:transparent var(--tw-gradient-to-position)}.fill-yellow-500{fill:#eab308}.object-cover{object-fit:cover}.p-1{padding:0.25rem}.p-2{padding:0.5rem}.p-4{padding:1rem}.p-8{padding:2rem}.p-5{padding:1.25rem}.p-6{padding:1.5rem}.p-3{padding:0.75rem}.py-4{padding-top:1rem;padding-bottom:1rem}.px-2{padding-left:0.5rem;padding-right:0.5rem}.px-6{padding-left:1.5rem;padding-right:1.5rem}.py-1{padding-top:0.25rem;padding-bottom:0.25rem}.pr-4{padding-right:1rem}.pb-24{padding-bottom:6rem}.pb-4{padding-bottom:1rem}.pt-12{padding-top:3rem}.text-center{text-align:center}.font-display{font-family:Exo 2, sans-serif}.font-sans{font-family:Inter, sans-serif}.text-3xl{font-size:1.875rem;line-height:2.25rem}.text-sm{font-size:0.875rem;line-height:1.25rem}.text-xs{font-size:0.75rem;line-height:1rem}.text-2xl{font-size:1.5rem;line-height:2rem}.text-\[10px\]{font-size:10px}.text-\[9px\]{font-size:9px}.text-lg{font-size:1.125rem;line-height:1.75rem}.font-bold{font-weight:700}.font-semibold{font-weight:600}.text-cyber-primary{--tw-text-opacity:1;color:rgb(59 130 246 / var(--tw-text-opacity, 1))}.text-gray-400{--tw-text-opacity:1;color:rgb(156 163 175 / var(--tw-text-opacity, 1))}.text-gray-500{--tw-text-opacity:1;color:rgb(107 114 128 / var(--tw-text-opacity, 1))}.text-slate-900{--tw-text-opacity:1;color:rgb(15 23 42 / var(--tw-text-opacity, 1))}.text-white{--tw-text-opacity:1;color:rgb(255 255 255 / var(--tw-text-opacity, 1))}.text-black{--tw-text-opacity:1;color:rgb(0 0 0 / var(--tw-text-opacity, 1))}.text-blue-500{--tw-text-opacity:1;color:rgb(59 130 246 / var(--tw-text-opacity, 1))}.text-green-500{--tw-text-opacity:1;color:rgb(34 197 94 / var(--tw-text-opacity, 1))}.text-blue-200{--tw-text-opacity:1;color:rgb(191 219 254 / var(--tw-text-opacity, 1))}.text-cyber-900{--tw-text-opacity:1;color:rgb(2 6 23 / var(--tw-text-opacity, 1))}.text-cyber-accent{--tw-text-opacity:1;color:rgb(6 182 212 / var(--tw-text-opacity, 1))}.text-gray-200{--tw-text-opacity:1;color:rgb(229 231 235 / var(--tw-text-opacity, 1))}.text-slate-600{--tw-text-opacity:1;color:rgb(71 85 105 / var(--tw-text-opacity, 1))}.text-yellow-500{--tw-text-opacity:1;color:rgb(234 179 8 / var(--tw-text-opacity, 1))}.placeholder-gray-500::placeholder{--tw-placeholder-opacity:1;color:rgb(107 114 128 / var(--tw-placeholder-opacity, 1))}.opacity-30{opacity:0.3}.opacity-90{opacity:0.9}.shadow-lg{--tw-shadow:0 10px 15px -3px rgb(0 0 0 / 0.1), 0 4px 6px -4px rgb(0 0 0 / 0.1);--tw-shadow-colored:0 10px 15px -3px var(--tw-shadow-color), 0 4px 6px -4px var(--tw-shadow-color);box-shadow:var(--tw-ring-offset-shadow, 0 0 #0000), var(--tw-ring-shadow, 0 0 #0000), var(--tw-shadow)}.shadow-2xl{--tw-shadow:0 25px 50px -12px rgb(0 0 0 / 0.25);--tw-shadow-colored:0 25px 50px -12px var(--tw-shadow-color);box-shadow:var(--tw-ring-offset-shadow, 0 0 #0000), var(--tw-ring-shadow, 0 0 #0000), var(--tw-shadow)}.shadow-\[0_0_10px_rgba\(59\2c 130\2c 246\2c 0\.1\)\]{--tw-shadow:0 0 10px rgba(59,130,246,0.1);--tw-shadow-colored:0 0 10px var(--tw-shadow-color);box-shadow:var(--tw-ring-offset-shadow, 0 0 #0000), var(--tw-ring-shadow, 0 0 #0000), var(--tw-shadow)}.outline-none{outline:2px solid transparent;outline-offset:2px}.backdrop-blur{--tw-backdrop-blur:blur(8px);-webkit-backdrop-filter:var(--tw-backdrop-blur) var(--tw-backdrop-brightness) var(--tw-backdrop-contrast) var(--tw-backdrop-grayscale) var(--tw-backdrop-hue-rotate) var(--tw-backdrop-invert) var(--tw-backdrop-opacity) var(--tw-backdrop-saturate) var(--tw-backdrop-sepia);backdrop-filter:var(--tw-backdrop-blur) var(--tw-backdrop-brightness) var(--tw-backdrop-contrast) var(--tw-backdrop-grayscale) var(--tw-backdrop-hue-rotate) var(--tw-backdrop-invert) var(--tw-backdrop-opacity) var(--tw-backdrop-saturate) var(--tw-backdrop-sepia)}.transition-colors{transition-property:color, background-color, border-color, fill, stroke, -webkit-text-decoration-color;transition-property:color, background-color, border-color, text-decoration-color, fill, stroke;transition-property:color, background-color, border-color, text-decoration-color, fill, stroke, -webkit-text-decoration-color;transition-timing-function:cubic-bezier(0.4, 0, 0.2, 1);transition-duration:150ms}.transition-all{transition-property:all;transition-timing-function:cubic-bezier(0.4, 0, 0.2, 1);transition-duration:150ms}.transition-transform{transition-property:transform;transition-timing-function:cubic-bezier(0.4, 0, 0.2, 1);transition-duration:150ms}.duration-300{transition-duration:300ms}.hover\:border-cyber-primary\/50:hover{border-color:rgb(59 130 246 / 0.5)}.hover\:bg-white\/20:hover{background-color:rgb(255 255 255 / 0.2)}.hover\:bg-cyber-primary\/10:hover{background-color:rgb(59 130 246 / 0.1)}.hover\:text-gray-600:hover{--tw-text-opacity:1;color:rgb(75 85 99 / var(--tw-text-opacity, 1))}.hover\:text-blue-400:hover{--tw-text-opacity:1;color:rgb(96 165 250 / var(--tw-text-opacity, 1))}.hover\:text-cyber-primary:hover{--tw-text-opacity:1;color:rgb(59 130 246 / var(--tw-text-opacity, 1))}.disabled\:cursor-not-allowed:disabled{cursor:not-allowed}.disabled\:opacity-60:disabled{opacity:0.6}.group:hover .group-hover\:scale-105{--tw-scale-x:1.05;--tw-scale-y:1.05;transform:translate(var(--tw-translate-x), var(--tw-translate-y)) rotate(var(--tw-rotate)) skewX(var(--tw-skew-x)) skewY(var(--tw-skew-y)) scaleX(var(--tw-scale-x)) scaleY(var(--tw-scale-y))}.group:hover .group-hover\:scale-110{--tw-scale-x:1.1;--tw-scale-y:1.1;transform:translate(var(--tw-translate-x), var(--tw-translate-y)) rotate(var(--tw-rotate)) skewX(var(--tw-skew-x)) skewY(var(--tw-skew-y)) scaleX(var(--tw-scale-x)) scaleY(var(--tw-scale-y))}.group:hover .group-hover\:border-cyber-primary{--tw-border-opacity:1;border-color:rgb(59 130 246 / var(--tw-border-opacity, 1))}.group:hover .group-hover\:bg-cyber-primary\/20{background-color:rgb(59 130 246 / 0.2)}.dark\:border-cyber-900:is(.dark *){--tw-border-opacity:1;border-color:rgb(2 6 23 / var(--tw-border-opacity, 1))}.dark\:bg-black:is(.dark *){--tw-bg-opacity:1;background-color:rgb(0 0 0 / var(--tw-bg-opacity, 1))}.dark\:bg-white\/5:is(.dark *){background-color:rgb(255 255 255 / 0.05)}.dark\:from-cyber-900:is(.dark *){--tw-gradient-from:#020617 var(--tw-gradient-from-position);--tw-gradient-to:rgb(2 6 23 / 0) var(--tw-gradient-to-position);--tw-gradient-stops:var(--tw-gradient-from), var(--tw-gradient-to)}.dark\:from-gray-800:is(.dark *){--tw-gradient-from:#1f2937 var(--tw-gradient-from-position);--tw-gradient-to:rgb(31 41 55 / 0) var(--tw-gradient-to-position);--tw-gradient-stops:var(--tw-gradient-from), var(--tw-gradient-to)}.dark\:to-gray-900:is(.dark *){--tw-gradient-to:#111827 var(--tw-gradient-to-position)}.dark\:text-gray-400:is(.dark *){--tw-text-opacity:1;color:rgb(156 163 175 / var(--tw-text-opacity, 1))}.dark\:text-white:is(.dark *){--tw-text-opacity:1;color:rgb(255 255 255 / var(--tw-text-opacity, 1))}.dark\:text-black:is(.dark *){--tw-text-opacity:1;color:rgb(0 0 0 / var(--tw-text-opacity, 1))}.dark\:text-cyber-accent:is(.dark *){--tw-text-opacity:1;color:rgb(6 182 212 / var(--tw-text-opacity, 1))}.dark\:text-gray-300:is(.dark *){--tw-text-opacity:1;color:rgb(209 213 219 / var(--tw-text-opacity, 1))}.dark\:hover\:text-gray-200:hover:is(.dark *){--tw-text-opacity:1;color:rgb(229 231 235 / var(--tw-text-opacity, 1))}</style><style type="text/css" data-vite-dev-id="/Users/apple/Downloads/auto-care-ai (3)/frontend/node_modules/leaflet/dist/leaflet.css">/* required styles */

.leaflet-pane,
.leaflet-tile,
.leaflet-marker-icon,
.leaflet-marker-shadow,
.leaflet-tile-container,
.leaflet-pane > svg,
.leaflet-pane > canvas,
.leaflet-zoom-box,
.leaflet-image-layer,
.leaflet-layer {
	position: absolute;
	left: 0;
	top: 0;
	}
.leaflet-container {
	overflow: hidden;
	}
.leaflet-tile,
.leaflet-marker-icon,
.leaflet-marker-shadow {
	-webkit-user-select: none;
	   -moz-user-select: none;
	        user-select: none;
	  -webkit-user-drag: none;
	}
/* Prevents IE11 from highlighting tiles in blue */
.leaflet-tile::selection {
	background: transparent;
}
/* Safari renders non-retina tile on retina better with this, but Chrome is worse */
.leaflet-safari .leaflet-tile {
	image-rendering: -webkit-optimize-contrast;
	}
/* hack that prevents hw layers "stretching" when loading new tiles */
.leaflet-safari .leaflet-tile-container {
	width: 1600px;
	height: 1600px;
	-webkit-transform-origin: 0 0;
	}
.leaflet-marker-icon,
.leaflet-marker-shadow {
	display: block;
	}
/* .leaflet-container svg: reset svg max-width decleration shipped in Joomla! (joomla.org) 3.x */
/* .leaflet-container img: map is broken in FF if you have max-width: 100% on tiles */
.leaflet-container .leaflet-overlay-pane svg {
	max-width: none !important;
	max-height: none !important;
	}
.leaflet-container .leaflet-marker-pane img,
.leaflet-container .leaflet-shadow-pane img,
.leaflet-container .leaflet-tile-pane img,
.leaflet-container img.leaflet-image-layer,
.leaflet-container .leaflet-tile {
	max-width: none !important;
	max-height: none !important;
	width: auto;
	padding: 0;
	}

.leaflet-container img.leaflet-tile {
	/* See: https://bugs.chromium.org/p/chromium/issues/detail?id=600120 */
	mix-blend-mode: plus-lighter;
}

.leaflet-container.leaflet-touch-zoom {
	-ms-touch-action: pan-x pan-y;
	touch-action: pan-x pan-y;
	}
.leaflet-container.leaflet-touch-drag {
	-ms-touch-action: pinch-zoom;
	/* Fallback for FF which doesn't support pinch-zoom */
	touch-action: none;
	touch-action: pinch-zoom;
}
.leaflet-container.leaflet-touch-drag.leaflet-touch-zoom {
	-ms-touch-action: none;
	touch-action: none;
}
.leaflet-container {
	-webkit-tap-highlight-color: transparent;
}
.leaflet-container a {
	-webkit-tap-highlight-color: rgba(51, 181, 229, 0.4);
}
.leaflet-tile {
	filter: inherit;
	visibility: hidden;
	}
.leaflet-tile-loaded {
	visibility: inherit;
	}
.leaflet-zoom-box {
	width: 0;
	height: 0;
	-moz-box-sizing: border-box;
	     box-sizing: border-box;
	z-index: 800;
	}
/* workaround for https://bugzilla.mozilla.org/show_bug.cgi?id=888319 */
.leaflet-overlay-pane svg {
	-moz-user-select: none;
	}

.leaflet-pane         { z-index: 400; }

.leaflet-tile-pane    { z-index: 200; }
.leaflet-overlay-pane { z-index: 400; }
.leaflet-shadow-pane  { z-index: 500; }
.leaflet-marker-pane  { z-index: 600; }
.leaflet-tooltip-pane   { z-index: 650; }
.leaflet-popup-pane   { z-index: 700; }

.leaflet-map-pane canvas { z-index: 100; }
.leaflet-map-pane svg    { z-index: 200; }

.leaflet-vml-shape {
	width: 1px;
	height: 1px;
	}
.lvml {
	behavior: url(#default#VML);
	display: inline-block;
	position: absolute;
	}


/* control positioning */

.leaflet-control {
	position: relative;
	z-index: 800;
	pointer-events: visiblePainted; /* IE 9-10 doesn't have auto */
	pointer-events: auto;
	}
.leaflet-top,
.leaflet-bottom {
	position: absolute;
	z-index: 1000;
	pointer-events: none;
	}
.leaflet-top {
	top: 0;
	}
.leaflet-right {
	right: 0;
	}
.leaflet-bottom {
	bottom: 0;
	}
.leaflet-left {
	left: 0;
	}
.leaflet-control {
	float: left;
	clear: both;
	}
.leaflet-right .leaflet-control {
	float: right;
	}
.leaflet-top .leaflet-control {
	margin-top: 10px;
	}
.leaflet-bottom .leaflet-control {
	margin-bottom: 10px;
	}
.leaflet-left .leaflet-control {
	margin-left: 10px;
	}
.leaflet-right .leaflet-control {
	margin-right: 10px;
	}


/* zoom and fade animations */

.leaflet-fade-anim .leaflet-popup {
	opacity: 0;
	-webkit-transition: opacity 0.2s linear;
	   -moz-transition: opacity 0.2s linear;
	        transition: opacity 0.2s linear;
	}
.leaflet-fade-anim .leaflet-map-pane .leaflet-popup {
	opacity: 1;
	}
.leaflet-zoom-animated {
	-webkit-transform-origin: 0 0;
	    -ms-transform-origin: 0 0;
	        transform-origin: 0 0;
	}
svg.leaflet-zoom-animated {
	will-change: transform;
}

.leaflet-zoom-anim .leaflet-zoom-animated {
	-webkit-transition: -webkit-transform 0.25s cubic-bezier(0,0,0.25,1);
	   -moz-transition:    -moz-transform 0.25s cubic-bezier(0,0,0.25,1);
	        transition:         transform 0.25s cubic-bezier(0,0,0.25,1);
	}
.leaflet-zoom-anim .leaflet-tile,
.leaflet-pan-anim .leaflet-tile {
	-webkit-transition: none;
	   -moz-transition: none;
	        transition: none;
	}

.leaflet-zoom-anim .leaflet-zoom-hide {
	visibility: hidden;
	}


/* cursors */

.leaflet-interactive {
	cursor: pointer;
	}
.leaflet-grab {
	cursor: -webkit-grab;
	cursor:    -moz-grab;
	cursor:         grab;
	}
.leaflet-crosshair,
.leaflet-crosshair .leaflet-interactive {
	cursor: crosshair;
	}
.leaflet-popup-pane,
.leaflet-control {
	cursor: auto;
	}
.leaflet-dragging .leaflet-grab,
.leaflet-dragging .leaflet-grab .leaflet-interactive,
.leaflet-dragging .leaflet-marker-draggable {
	cursor: move;
	cursor: -webkit-grabbing;
	cursor:    -moz-grabbing;
	cursor:         grabbing;
	}

/* marker & overlays interactivity */
.leaflet-marker-icon,
.leaflet-marker-shadow,
.leaflet-image-layer,
.leaflet-pane > svg path,
.leaflet-tile-container {
	pointer-events: none;
	}

.leaflet-marker-icon.leaflet-interactive,
.leaflet-image-layer.leaflet-interactive,
.leaflet-pane > svg path.leaflet-interactive,
svg.leaflet-image-layer.leaflet-interactive path {
	pointer-events: visiblePainted; /* IE 9-10 doesn't have auto */
	pointer-events: auto;
	}

/* visual tweaks */

.leaflet-container {
	background: #ddd;
	outline-offset: 1px;
	}
.leaflet-container a {
	color: #0078A8;
	}
.leaflet-zoom-box {
	border: 2px dotted #38f;
	background: rgba(255,255,255,0.5);
	}


/* general typography */
.leaflet-container {
	font-family: "Helvetica Neue", Arial, Helvetica, sans-serif;
	font-size: 12px;
	font-size: 0.75rem;
	line-height: 1.5;
	}


/* general toolbar styles */

.leaflet-bar {
	box-shadow: 0 1px 5px rgba(0,0,0,0.65);
	border-radius: 4px;
	}
.leaflet-bar a {
	background-color: #fff;
	border-bottom: 1px solid #ccc;
	width: 26px;
	height: 26px;
	line-height: 26px;
	display: block;
	text-align: center;
	text-decoration: none;
	color: black;
	}
.leaflet-bar a,
.leaflet-control-layers-toggle {
	background-position: 50% 50%;
	background-repeat: no-repeat;
	display: block;
	}
.leaflet-bar a:hover,
.leaflet-bar a:focus {
	background-color: #f4f4f4;
	}
.leaflet-bar a:first-child {
	border-top-left-radius: 4px;
	border-top-right-radius: 4px;
	}
.leaflet-bar a:last-child {
	border-bottom-left-radius: 4px;
	border-bottom-right-radius: 4px;
	border-bottom: none;
	}
.leaflet-bar a.leaflet-disabled {
	cursor: default;
	background-color: #f4f4f4;
	color: #bbb;
	}

.leaflet-touch .leaflet-bar a {
	width: 30px;
	height: 30px;
	line-height: 30px;
	}
.leaflet-touch .leaflet-bar a:first-child {
	border-top-left-radius: 2px;
	border-top-right-radius: 2px;
	}
.leaflet-touch .leaflet-bar a:last-child {
	border-bottom-left-radius: 2px;
	border-bottom-right-radius: 2px;
	}

/* zoom control */

.leaflet-control-zoom-in,
.leaflet-control-zoom-out {
	font: bold 18px 'Lucida Console', Monaco, monospace;
	text-indent: 1px;
	}

.leaflet-touch .leaflet-control-zoom-in, .leaflet-touch .leaflet-control-zoom-out  {
	font-size: 22px;
	}


/* layers control */

.leaflet-control-layers {
	box-shadow: 0 1px 5px rgba(0,0,0,0.4);
	background: #fff;
	border-radius: 5px;
	}
.leaflet-control-layers-toggle {
	background-image: url(/node_modules/leaflet/dist/images/layers.png);
	width: 36px;
	height: 36px;
	}
.leaflet-retina .leaflet-control-layers-toggle {
	background-image: url(/node_modules/leaflet/dist/images/layers-2x.png);
	background-size: 26px 26px;
	}
.leaflet-touch .leaflet-control-layers-toggle {
	width: 44px;
	height: 44px;
	}
.leaflet-control-layers .leaflet-control-layers-list,
.leaflet-control-layers-expanded .leaflet-control-layers-toggle {
	display: none;
	}
.leaflet-control-layers-expanded .leaflet-control-layers-list {
	display: block;
	position: relative;
	}
.leaflet-control-layers-expanded {
	padding: 6px 10px 6px 6px;
	color: #333;
	background: #fff;
	}
.leaflet-control-layers-scrollbar {
	overflow-y: scroll;
	overflow-x: hidden;
	padding-right: 5px;
	}
.leaflet-control-layers-selector {
	margin-top: 2px;
	position: relative;
	top: 1px;
	}
.leaflet-control-layers label {
	display: block;
	font-size: 13px;
	font-size: 1.08333em;
	}
.leaflet-control-layers-separator {
	height: 0;
	border-top: 1px solid #ddd;
	margin: 5px -10px 5px -6px;
	}

/* Default icon URLs */
.leaflet-default-icon-path { /* used only in path-guessing heuristic, see L.Icon.Default */
	background-image: url(/node_modules/leaflet/dist/images/marker-icon.png);
	}


/* attribution and scale controls */

.leaflet-container .leaflet-control-attribution {
	background: #fff;
	background: rgba(255, 255, 255, 0.8);
	margin: 0;
	}
.leaflet-control-attribution,
.leaflet-control-scale-line {
	padding: 0 5px;
	color: #333;
	line-height: 1.4;
	}
.leaflet-control-attribution a {
	text-decoration: none;
	}
.leaflet-control-attribution a:hover,
.leaflet-control-attribution a:focus {
	text-decoration: underline;
	}
.leaflet-attribution-flag {
	display: inline !important;
	vertical-align: baseline !important;
	width: 1em;
	height: 0.6669em;
	}
.leaflet-left .leaflet-control-scale {
	margin-left: 5px;
	}
.leaflet-bottom .leaflet-control-scale {
	margin-bottom: 5px;
	}
.leaflet-control-scale-line {
	border: 2px solid #777;
	border-top: none;
	line-height: 1.1;
	padding: 2px 5px 1px;
	white-space: nowrap;
	-moz-box-sizing: border-box;
	     box-sizing: border-box;
	background: rgba(255, 255, 255, 0.8);
	text-shadow: 1px 1px #fff;
	}
.leaflet-control-scale-line:not(:first-child) {
	border-top: 2px solid #777;
	border-bottom: none;
	margin-top: -2px;
	}
.leaflet-control-scale-line:not(:first-child):not(:last-child) {
	border-bottom: 2px solid #777;
	}

.leaflet-touch .leaflet-control-attribution,
.leaflet-touch .leaflet-control-layers,
.leaflet-touch .leaflet-bar {
	box-shadow: none;
	}
.leaflet-touch .leaflet-control-layers,
.leaflet-touch .leaflet-bar {
	border: 2px solid rgba(0,0,0,0.2);
	background-clip: padding-box;
	}


/* popup */

.leaflet-popup {
	position: absolute;
	text-align: center;
	margin-bottom: 20px;
	}
.leaflet-popup-content-wrapper {
	padding: 1px;
	text-align: left;
	border-radius: 12px;
	}
.leaflet-popup-content {
	margin: 13px 24px 13px 20px;
	line-height: 1.3;
	font-size: 13px;
	font-size: 1.08333em;
	min-height: 1px;
	}
.leaflet-popup-content p {
	margin: 17px 0;
	margin: 1.3em 0;
	}
.leaflet-popup-tip-container {
	width: 40px;
	height: 20px;
	position: absolute;
	left: 50%;
	margin-top: -1px;
	margin-left: -20px;
	overflow: hidden;
	pointer-events: none;
	}
.leaflet-popup-tip {
	width: 17px;
	height: 17px;
	padding: 1px;

	margin: -10px auto 0;
	pointer-events: auto;

	-webkit-transform: rotate(45deg);
	   -moz-transform: rotate(45deg);
	    -ms-transform: rotate(45deg);
	        transform: rotate(45deg);
	}
.leaflet-popup-content-wrapper,
.leaflet-popup-tip {
	background: white;
	color: #333;
	box-shadow: 0 3px 14px rgba(0,0,0,0.4);
	}
.leaflet-container a.leaflet-popup-close-button {
	position: absolute;
	top: 0;
	right: 0;
	border: none;
	text-align: center;
	width: 24px;
	height: 24px;
	font: 16px/24px Tahoma, Verdana, sans-serif;
	color: #757575;
	text-decoration: none;
	background: transparent;
	}
.leaflet-container a.leaflet-popup-close-button:hover,
.leaflet-container a.leaflet-popup-close-button:focus {
	color: #585858;
	}
.leaflet-popup-scrolled {
	overflow: auto;
	}

.leaflet-oldie .leaflet-popup-content-wrapper {
	-ms-zoom: 1;
	}
.leaflet-oldie .leaflet-popup-tip {
	width: 24px;
	margin: 0 auto;

	-ms-filter: "progid:DXImageTransform.Microsoft.Matrix(M11=0.70710678, M12=0.70710678, M21=-0.70710678, M22=0.70710678)";
	filter: progid:DXImageTransform.Microsoft.Matrix(M11=0.70710678, M12=0.70710678, M21=-0.70710678, M22=0.70710678);
	}

.leaflet-oldie .leaflet-control-zoom,
.leaflet-oldie .leaflet-control-layers,
.leaflet-oldie .leaflet-popup-content-wrapper,
.leaflet-oldie .leaflet-popup-tip {
	border: 1px solid #999;
	}


/* div icon */

.leaflet-div-icon {
	background: #fff;
	border: 1px solid #666;
	}


/* Tooltip */
/* Base styles for the element that has a tooltip */
.leaflet-tooltip {
	position: absolute;
	padding: 6px;
	background-color: #fff;
	border: 1px solid #fff;
	border-radius: 3px;
	color: #222;
	white-space: nowrap;
	-webkit-user-select: none;
	-moz-user-select: none;
	-ms-user-select: none;
	user-select: none;
	pointer-events: none;
	box-shadow: 0 1px 3px rgba(0,0,0,0.4);
	}
.leaflet-tooltip.leaflet-interactive {
	cursor: pointer;
	pointer-events: auto;
	}
.leaflet-tooltip-top:before,
.leaflet-tooltip-bottom:before,
.leaflet-tooltip-left:before,
.leaflet-tooltip-right:before {
	position: absolute;
	pointer-events: none;
	border: 6px solid transparent;
	background: transparent;
	content: "";
	}

/* Directions */

.leaflet-tooltip-bottom {
	margin-top: 6px;
}
.leaflet-tooltip-top {
	margin-top: -6px;
}
.leaflet-tooltip-bottom:before,
.leaflet-tooltip-top:before {
	left: 50%;
	margin-left: -6px;
	}
.leaflet-tooltip-top:before {
	bottom: 0;
	margin-bottom: -12px;
	border-top-color: #fff;
	}
.leaflet-tooltip-bottom:before {
	top: 0;
	margin-top: -12px;
	margin-left: -6px;
	border-bottom-color: #fff;
	}
.leaflet-tooltip-left {
	margin-left: -6px;
}
.leaflet-tooltip-right {
	margin-left: 6px;
}
.leaflet-tooltip-left:before,
.leaflet-tooltip-right:before {
	top: 50%;
	margin-top: -6px;
	}
.leaflet-tooltip-left:before {
	right: 0;
	margin-right: -12px;
	border-left-color: #fff;
	}
.leaflet-tooltip-right:before {
	left: 0;
	margin-left: -12px;
	border-right-color: #fff;
	}

/* Printing */

@media print {
	/* Prevent printers from removing background-images of controls. */
	.leaflet-control {
		-webkit-print-color-adjust: exact;
		print-color-adjust: exact;
		}
	}
</style></head>
  <body>
    <div id="root"></div>
  <script type="module" src="/src/index.tsx?t=1782153006737"></script>

</body></html>

  1) [chromium] › tests/e2e/workshop-discovery.spec.ts:4:7 › Workshop Discovery › should allow user to view and filter workshops 

    Error: expect(locator).toBeVisible() failed

    Locator: locator('h2').filter({ hasText: 'Find Workshop' })
    Expected: visible
    Timeout: 5000ms
    Error: element(s) not found

    Call log:
      - Expect "toBeVisible" with timeout 5000ms
      - waiting for locator('h2').filter({ hasText: 'Find Workshop' })

        at /Users/apple/Downloads/auto-care-ai (3)/tests/e2e/workshop-discovery.spec.ts:34:68)
        at /Users/apple/Downloads/auto-care-ai (3)/node_modules/playwright/lib/worker/workerProcessEntry.js:1662:9)
        at /Users/apple/Downloads/auto-care-ai (3)/node_modules/playwright/lib/worker/workerProcessEntry.js:1154:11)
        at /Users/apple/Downloads/auto-care-ai (3)/node_modules/playwright/lib/worker/workerProcessEntry.js:1660:7)

    Error Context: test-results/workshop-discovery-Worksho-34194-o-view-and-filter-workshops-chromium/error-context.md


  1 failed
    [chromium] › tests/e2e/workshop-discovery.spec.ts:4:7 › Workshop Discovery › should allow user to view and filter workshops 
